C:\Users\iies0106\vagrant_project>vagrant init
A `Vagrantfile` has been placed in this directory. You are now
ready to `vagrant up` your first virtual environment! Please read
the comments in the Vagrantfile as well as documentation on
`vagrantup.com` for more information on using Vagrant.

C:\Users\iies0106\vagrant_project>vagrant init --minimal
`Vagrantfile` already exists in this directory. Remove it before
running `vagrant init`.

C:\Users\iies0106\vagrant_project>vagrant init --minimal
A `Vagrantfile` has been placed in this directory. You are now
ready to `vagrant up` your first virtual environment! Please read
the comments in the Vagrantfile as well as documentation on
`vagrantup.com` for more information on using Vagrant.

C:\Users\iies0106\vagrant_project>vagrant up
Bringing machine 'default' up with 'virtualbox' provider...
==> default: Box 'base' could not be found. Attempting to find and install...
    default: Box Provider: virtualbox
    default: Box Version: >= 0
==> default: Box file was not detected as metadata. Adding it directly...
==> default: Adding box 'base' (v0) for provider: virtualbox
    default: Downloading: base
    default:
An error occurred while downloading the remote file. The error
message, if any, is reproduced below. Please fix this error and try
again.

Couldn't open file /C:/Users/iies0106/vagrant_project/base

C:\Users\iies0106\vagrant_project>vagrant init --force hashicorp/precise64
A `Vagrantfile` has been placed in this directory. You are now
ready to `vagrant up` your first virtual environment! Please read
the comments in the Vagrantfile as well as documentation on
`vagrantup.com` for more information on using Vagrant.

C:\Users\iies0106\vagrant_project>vagrant up
Bringing machine 'default' up with 'virtualbox' provider...
==> default: Box 'hashicorp/precise64' could not be found. Attempting to find and install...
    default: Box Provider: virtualbox
    default: Box Version: >= 0
The box 'hashicorp/precise64' could not be found or
could not be accessed in the remote catalog. If this is a private
box on HashiCorp's Vagrant Cloud, please verify you're logged in via
`vagrant login`. Also, please double-check the name. The expanded
URL and error message are shown below:

URL: ["https://vagrantcloud.com/hashicorp/precise64"]
Error: Failed to connect to vagrantcloud.com port 443: Timed out

C:\Users\iies0106\vagrant_project>vagrant plugin install vagrant-proxyconf
Installing the 'vagrant-proxyconf' plugin. This can take a few minutes...
Vagrant failed to load a configured plugin source. This can be caused
by a variety of issues including: transient connectivity issues, proxy
filtering rejecting access to a configured plugin source, or a configured
plugin source not responding correctly. Please review the error message
below to help resolve the issue:

  timed out (https://api.rubygems.org/specs.4.8.gz)

Source: https://rubygems.org/

C:\Users\iies0106\vagrant_project>netsh winhttp show proxy

Current WinHTTP proxy settings:

    Direct access (no proxy server).


C:\Users\iies0106\vagrant_project>set HTTPS_PROXY=http://172.26.210.15:80

C:\Users\iies0106\vagrant_project>set HTTP_PROXY=http://172.26.210.15:80

C:\Users\iies0106\vagrant_project>vagrant init --force hashicorp/precise64
A `Vagrantfile` has been placed in this directory. You are now
ready to `vagrant up` your first virtual environment! Please read
the comments in the Vagrantfile as well as documentation on
`vagrantup.com` for more information on using Vagrant.

C:\Users\iies0106\vagrant_project>vagrant up
Bringing machine 'default' up with 'virtualbox' provider...
==> default: Box 'hashicorp/precise64' could not be found. Attempting to find and install...
    default: Box Provider: virtualbox
    default: Box Version: >= 0
==> default: Loading metadata for box 'hashicorp/precise64'
    default: URL: https://vagrantcloud.com/hashicorp/precise64
==> default: Adding box 'hashicorp/precise64' (v1.1.0) for provider: virtualbox
    default: Downloading: https://vagrantcloud.com/hashicorp/boxes/precise64/versions/1.1.0/providers/virtualbox.box
    default:
==> default: Successfully added box 'hashicorp/precise64' (v1.1.0) for 'virtualbox'!
==> default: Importing base box 'hashicorp/precise64'...
==> default: Matching MAC address for NAT networking...
==> default: Checking if box 'hashicorp/precise64' is up to date...
==> default: Setting the name of the VM: vagrant_project_default_1529674145732_94146
==> default: Clearing any previously set network interfaces...
==> default: Preparing network interfaces based on configuration...
    default: Adapter 1: nat
==> default: Forwarding ports...
    default: 22 (guest) => 2222 (host) (adapter 1)
==> default: Booting VM...
There was an error while executing `VBoxManage`, a CLI used by Vagrant
for controlling VirtualBox. The command and stderr is shown below.

Command: ["startvm", "6a3481f7-d8fc-4cc4-a830-fc2f4194309e", "--type", "headless"]

Stderr: VBoxManage.exe: error: VT-x is not available (VERR_VMX_NO_VMX)
VBoxManage.exe: error: Details: code E_FAIL (0x80004005), component ConsoleWrap, interface IConsole
